// Jest Snapshot v1, https://goo.gl/fbAQLP

exports[`TOP PAGE 4/7 (pages/page/[offset].tsx) snapshot 1`] = `
<DocumentFragment>
  <section
    class="root"
  >
    <article
      class="article"
    >
      <div
        class="thumbnail"
      >
        <div
          style="display: inline-block; max-width: 100%; overflow: hidden; position: relative; box-sizing: border-box; margin: 0px;"
        >
          <div
            style="box-sizing: border-box; display: block; max-width: 100%;"
          >
            <img
              alt=""
              aria-hidden="true"
              role="presentation"
              src="data:image/svg+xml;base64,PHN2ZyB3aWR0aD0iODUwIiBoZWlnaHQ9IjQ0NSIgeG1sbnM9Imh0dHA6Ly93d3cudzMub3JnLzIwMDAvc3ZnIiB2ZXJzaW9uPSIxLjEiLz4="
              style="max-width: 100%; display: block; margin: 0px; padding: 0px;"
            />
          </div>
          <img
            alt="Material-UIとreact-springの併用で「Cannot update a component」"
            decoding="async"
            src="data:image/gif;base64,R0lGODlhAQABAIAAAAAAAP///yH5BAEAAAAALAAAAAABAAEAAAIBRAA7"
            style="visibility: hidden; position: absolute; top: 0px; left: 0px; bottom: 0px; right: 0px; box-sizing: border-box; padding: 0px; margin: auto; display: block; width: 0px; height: 0px; min-width: 100%; max-width: 100%; min-height: 100%; max-height: 100%;"
          />
        </div>
      </div>
      <time
        class="date"
        datetime="2021-03-19T14:47:17.358Z"
        itemprop="datepublished"
      >
        2021 / 03 / 19
      </time>
      <h2
        class="title"
      >
        <a
          href="/posts/react-spring-modal-state-error"
        >
          Material-UIとreact-springの併用で「Cannot update a component」
        </a>
      </h2>
      <ul
        class="keywords"
      >
        <li>
          React
        </li>
        <li>
          Material-UI
        </li>
      </ul>
    </article>
    <article
      class="article"
    >
      <div
        class="thumbnail"
      >
        <div
          style="display: inline-block; max-width: 100%; overflow: hidden; position: relative; box-sizing: border-box; margin: 0px;"
        >
          <div
            style="box-sizing: border-box; display: block; max-width: 100%;"
          >
            <img
              alt=""
              aria-hidden="true"
              role="presentation"
              src="data:image/svg+xml;base64,PHN2ZyB3aWR0aD0iODUwIiBoZWlnaHQ9IjQ0NSIgeG1sbnM9Imh0dHA6Ly93d3cudzMub3JnLzIwMDAvc3ZnIiB2ZXJzaW9uPSIxLjEiLz4="
              style="max-width: 100%; display: block; margin: 0px; padding: 0px;"
            />
          </div>
          <img
            alt="Reactではステートの変更が即時反映されない場合がある"
            decoding="async"
            src="data:image/gif;base64,R0lGODlhAQABAIAAAAAAAP///yH5BAEAAAAALAAAAAABAAEAAAIBRAA7"
            style="visibility: hidden; position: absolute; top: 0px; left: 0px; bottom: 0px; right: 0px; box-sizing: border-box; padding: 0px; margin: auto; display: block; width: 0px; height: 0px; min-width: 100%; max-width: 100%; min-height: 100%; max-height: 100%;"
          />
        </div>
      </div>
      <time
        class="date"
        datetime="2021-03-16T16:08:28.810Z"
        itemprop="datepublished"
      >
        2021 / 03 / 17
      </time>
      <h2
        class="title"
      >
        <a
          href="/posts/react-state-not-reflected"
        >
          Reactではステートの変更が即時反映されない場合がある
        </a>
      </h2>
      <ul
        class="keywords"
      >
        <li>
          React
        </li>
      </ul>
    </article>
    <article
      class="article"
    >
      <div
        class="thumbnail"
      >
        <div
          style="display: inline-block; max-width: 100%; overflow: hidden; position: relative; box-sizing: border-box; margin: 0px;"
        >
          <div
            style="box-sizing: border-box; display: block; max-width: 100%;"
          >
            <img
              alt=""
              aria-hidden="true"
              role="presentation"
              src="data:image/svg+xml;base64,PHN2ZyB3aWR0aD0iODUwIiBoZWlnaHQ9IjQ0NSIgeG1sbnM9Imh0dHA6Ly93d3cudzMub3JnLzIwMDAvc3ZnIiB2ZXJzaW9uPSIxLjEiLz4="
              style="max-width: 100%; display: block; margin: 0px; padding: 0px;"
            />
          </div>
          <img
            alt="環境変数を含むNext.jsのコードをJestでテストする"
            decoding="async"
            src="data:image/gif;base64,R0lGODlhAQABAIAAAAAAAP///yH5BAEAAAAALAAAAAABAAEAAAIBRAA7"
            style="visibility: hidden; position: absolute; top: 0px; left: 0px; bottom: 0px; right: 0px; box-sizing: border-box; padding: 0px; margin: auto; display: block; width: 0px; height: 0px; min-width: 100%; max-width: 100%; min-height: 100%; max-height: 100%;"
          />
        </div>
      </div>
      <time
        class="date"
        datetime="2021-03-05T06:00:02.829Z"
        itemprop="datepublished"
      >
        2021 / 03 / 05
      </time>
      <h2
        class="title"
      >
        <a
          href="/posts/nextjs-jest-environment-variable"
        >
          環境変数を含むNext.jsのコードをJestでテストする
        </a>
      </h2>
      <ul
        class="keywords"
      >
        <li>
          Next.js
        </li>
        <li>
          Jest
        </li>
      </ul>
    </article>
    <article
      class="article"
    >
      <div
        class="thumbnail"
      >
        <div
          style="display: inline-block; max-width: 100%; overflow: hidden; position: relative; box-sizing: border-box; margin: 0px;"
        >
          <div
            style="box-sizing: border-box; display: block; max-width: 100%;"
          >
            <img
              alt=""
              aria-hidden="true"
              role="presentation"
              src="data:image/svg+xml;base64,PHN2ZyB3aWR0aD0iODUwIiBoZWlnaHQ9IjQ0NSIgeG1sbnM9Imh0dHA6Ly93d3cudzMub3JnLzIwMDAvc3ZnIiB2ZXJzaW9uPSIxLjEiLz4="
              style="max-width: 100%; display: block; margin: 0px; padding: 0px;"
            />
          </div>
          <img
            alt="ヘッドレスCMSから受け取ったマークダウン形式の記事でnext/imageを利用する"
            decoding="async"
            src="data:image/gif;base64,R0lGODlhAQABAIAAAAAAAP///yH5BAEAAAAALAAAAAABAAEAAAIBRAA7"
            style="visibility: hidden; position: absolute; top: 0px; left: 0px; bottom: 0px; right: 0px; box-sizing: border-box; padding: 0px; margin: auto; display: block; width: 0px; height: 0px; min-width: 100%; max-width: 100%; min-height: 100%; max-height: 100%;"
          />
        </div>
      </div>
      <time
        class="date"
        datetime="2021-02-27T06:00:02.752Z"
        itemprop="datepublished"
      >
        2021 / 02 / 27
      </time>
      <h2
        class="title"
      >
        <a
          href="/posts/nextjs-markdown-to-jsx"
        >
          ヘッドレスCMSから受け取ったマークダウン形式の記事でnext/imageを利用する
        </a>
      </h2>
      <ul
        class="keywords"
      >
        <li>
          Next.js
        </li>
        <li>
          Jamstack
        </li>
      </ul>
    </article>
    <article
      class="article"
    >
      <div
        class="thumbnail"
      >
        <div
          style="display: inline-block; max-width: 100%; overflow: hidden; position: relative; box-sizing: border-box; margin: 0px;"
        >
          <div
            style="box-sizing: border-box; display: block; max-width: 100%;"
          >
            <img
              alt=""
              aria-hidden="true"
              role="presentation"
              src="data:image/svg+xml;base64,PHN2ZyB3aWR0aD0iODUwIiBoZWlnaHQ9IjQ0NSIgeG1sbnM9Imh0dHA6Ly93d3cudzMub3JnLzIwMDAvc3ZnIiB2ZXJzaW9uPSIxLjEiLz4="
              style="max-width: 100%; display: block; margin: 0px; padding: 0px;"
            />
          </div>
          <img
            alt="JamstackなNext.jsブログにプレビューモードを実装する"
            decoding="async"
            src="data:image/gif;base64,R0lGODlhAQABAIAAAAAAAP///yH5BAEAAAAALAAAAAABAAEAAAIBRAA7"
            style="visibility: hidden; position: absolute; top: 0px; left: 0px; bottom: 0px; right: 0px; box-sizing: border-box; padding: 0px; margin: auto; display: block; width: 0px; height: 0px; min-width: 100%; max-width: 100%; min-height: 100%; max-height: 100%;"
          />
        </div>
      </div>
      <time
        class="date"
        datetime="2021-02-23T14:16:00.797Z"
        itemprop="datepublished"
      >
        2021 / 02 / 23
      </time>
      <h2
        class="title"
      >
        <a
          href="/posts/nextjs-preview-mode"
        >
          JamstackなNext.jsブログにプレビューモードを実装する
        </a>
      </h2>
      <ul
        class="keywords"
      >
        <li>
          Next.js
        </li>
        <li>
          Jamstack
        </li>
      </ul>
    </article>
  </section>
  <nav
    aria-label="pagination"
    class="nav"
  >
    <ul
      class="ul"
    >
      <li
        class="li false"
      >
        <a
          class="link"
          href="/"
        >
          1
        </a>
      </li>
      <li
        class="dotted"
      >
        ...
      </li>
      <li
        class="li false"
      >
        <a
          class="link"
          href="/page/3"
        >
          3
        </a>
      </li>
      <li
        class="li li-current"
      >
        <a
          class="link"
          href="/page/4"
        >
          4
        </a>
      </li>
      <li
        class="li false"
      >
        <a
          class="link"
          href="/page/5"
        >
          5
        </a>
      </li>
      <li
        class="dotted"
      >
        ...
      </li>
      <li
        class="li false"
      >
        <a
          class="link"
          href="/page/7"
        >
          7
        </a>
      </li>
    </ul>
  </nav>
</DocumentFragment>
`;
