// Jest Snapshot v1, https://goo.gl/fbAQLP

exports[`TOP PAGE 4/7 (pages/page/[offset].tsx) snapshot 1`] = `
<DocumentFragment>
  <section
    class="root"
  >
    <article
      class="article"
    >
      <div
        class="thumbnail"
      >
        <span
          style="box-sizing: border-box; display: inline-block; overflow: hidden; background: none; opacity: 1; border: 0px; margin: 0px; padding: 0px; position: relative; max-width: 100%;"
        >
          <span
            style="box-sizing: border-box; display: block; background: none; opacity: 1; border: 0px; margin: 0px; padding: 0px; max-width: 100%;"
          >
            <img
              alt=""
              aria-hidden="true"
              src="data:image/svg+xml,%3csvg%20xmlns=%27http://www.w3.org/2000/svg%27%20version=%271.1%27%20width=%27850%27%20height=%27445%27/%3e"
              style="display: block; max-width: 100%; background: none; opacity: 1; border: 0px; margin: 0px; padding: 0px;"
            />
          </span>
          <img
            alt="Material-UIとreact-springの併用でエラー（Cannot update a component ForwardRef Modal ...）"
            data-nimg="intrinsic"
            decoding="async"
            src="/_next/image?url=https%3A%2F%2Fimages.microcms-assets.io%2Fassets%2F3c39a709d91a45e381e9d2d9c424a09b%2Ffb5d600012fa4390bb62fcae2998fcf2%2Fmaterial-ui.png&w=1200&q=75"
            srcset="/_next/image?url=https%3A%2F%2Fimages.microcms-assets.io%2Fassets%2F3c39a709d91a45e381e9d2d9c424a09b%2Ffb5d600012fa4390bb62fcae2998fcf2%2Fmaterial-ui.png&w=1024&q=75 1x, /_next/image?url=https%3A%2F%2Fimages.microcms-assets.io%2Fassets%2F3c39a709d91a45e381e9d2d9c424a09b%2Ffb5d600012fa4390bb62fcae2998fcf2%2Fmaterial-ui.png&w=1200&q=75 2x"
            style="position: absolute; top: 0px; left: 0px; bottom: 0px; right: 0px; box-sizing: border-box; padding: 0px; margin: auto; display: block; width: 0px; height: 0px; min-width: 100%; max-width: 100%; min-height: 100%; max-height: 100%;"
          />
        </span>
      </div>
      <time
        class="date"
        datetime="2021-03-19T14:47:17.358Z"
        itemprop="datepublished"
      >
        2021年3月19日
      </time>
      <h2
        class="title"
      >
        <a
          href="/posts/react-spring-modal-state-error"
        >
          Material-UIとreact-springの併用でエラー（Cannot update a component ForwardRef Modal ...）
        </a>
      </h2>
      <hr />
      <ul
        class="keywords"
      >
        <li>
          React
        </li>
        <li>
          Material-UI
        </li>
      </ul>
      <div
        class="loader"
      >
        <div
          class="inner1"
        />
        <div
          class="inner2"
        />
        <div
          class="inner3"
        />
      </div>
    </article>
    <article
      class="article"
    >
      <div
        class="thumbnail"
      >
        <span
          style="box-sizing: border-box; display: inline-block; overflow: hidden; background: none; opacity: 1; border: 0px; margin: 0px; padding: 0px; position: relative; max-width: 100%;"
        >
          <span
            style="box-sizing: border-box; display: block; background: none; opacity: 1; border: 0px; margin: 0px; padding: 0px; max-width: 100%;"
          >
            <img
              alt=""
              aria-hidden="true"
              src="data:image/svg+xml,%3csvg%20xmlns=%27http://www.w3.org/2000/svg%27%20version=%271.1%27%20width=%27850%27%20height=%27445%27/%3e"
              style="display: block; max-width: 100%; background: none; opacity: 1; border: 0px; margin: 0px; padding: 0px;"
            />
          </span>
          <img
            alt="Reactではstateの更新が即時反映されない場合がある"
            data-nimg="intrinsic"
            decoding="async"
            src="/_next/image?url=https%3A%2F%2Fimages.microcms-assets.io%2Fassets%2F3c39a709d91a45e381e9d2d9c424a09b%2F36945828ef544a2fb37367d845aeaf05%2Freact.png&w=1200&q=75"
            srcset="/_next/image?url=https%3A%2F%2Fimages.microcms-assets.io%2Fassets%2F3c39a709d91a45e381e9d2d9c424a09b%2F36945828ef544a2fb37367d845aeaf05%2Freact.png&w=1024&q=75 1x, /_next/image?url=https%3A%2F%2Fimages.microcms-assets.io%2Fassets%2F3c39a709d91a45e381e9d2d9c424a09b%2F36945828ef544a2fb37367d845aeaf05%2Freact.png&w=1200&q=75 2x"
            style="position: absolute; top: 0px; left: 0px; bottom: 0px; right: 0px; box-sizing: border-box; padding: 0px; margin: auto; display: block; width: 0px; height: 0px; min-width: 100%; max-width: 100%; min-height: 100%; max-height: 100%;"
          />
        </span>
      </div>
      <time
        class="date"
        datetime="2021-03-16T16:08:28.810Z"
        itemprop="datepublished"
      >
        2021年3月17日
      </time>
      <h2
        class="title"
      >
        <a
          href="/posts/react-state-not-reflected"
        >
          Reactではstateの更新が即時反映されない場合がある
        </a>
      </h2>
      <hr />
      <ul
        class="keywords"
      >
        <li>
          React
        </li>
      </ul>
      <div
        class="loader"
      >
        <div
          class="inner1"
        />
        <div
          class="inner2"
        />
        <div
          class="inner3"
        />
      </div>
    </article>
    <article
      class="article"
    >
      <div
        class="thumbnail"
      >
        <span
          style="box-sizing: border-box; display: inline-block; overflow: hidden; background: none; opacity: 1; border: 0px; margin: 0px; padding: 0px; position: relative; max-width: 100%;"
        >
          <span
            style="box-sizing: border-box; display: block; background: none; opacity: 1; border: 0px; margin: 0px; padding: 0px; max-width: 100%;"
          >
            <img
              alt=""
              aria-hidden="true"
              src="data:image/svg+xml,%3csvg%20xmlns=%27http://www.w3.org/2000/svg%27%20version=%271.1%27%20width=%27850%27%20height=%27445%27/%3e"
              style="display: block; max-width: 100%; background: none; opacity: 1; border: 0px; margin: 0px; padding: 0px;"
            />
          </span>
          <img
            alt="Jestを用いたNext.jsのテストで環境変数を利用する"
            data-nimg="intrinsic"
            decoding="async"
            src="/_next/image?url=https%3A%2F%2Fimages.microcms-assets.io%2Fassets%2F3c39a709d91a45e381e9d2d9c424a09b%2Fea80ec90e22d488f86164ab667c78201%2Fjest.png&w=1200&q=75"
            srcset="/_next/image?url=https%3A%2F%2Fimages.microcms-assets.io%2Fassets%2F3c39a709d91a45e381e9d2d9c424a09b%2Fea80ec90e22d488f86164ab667c78201%2Fjest.png&w=1024&q=75 1x, /_next/image?url=https%3A%2F%2Fimages.microcms-assets.io%2Fassets%2F3c39a709d91a45e381e9d2d9c424a09b%2Fea80ec90e22d488f86164ab667c78201%2Fjest.png&w=1200&q=75 2x"
            style="position: absolute; top: 0px; left: 0px; bottom: 0px; right: 0px; box-sizing: border-box; padding: 0px; margin: auto; display: block; width: 0px; height: 0px; min-width: 100%; max-width: 100%; min-height: 100%; max-height: 100%;"
          />
        </span>
      </div>
      <time
        class="date"
        datetime="2021-03-05T06:00:02.829Z"
        itemprop="datepublished"
      >
        2021年3月5日
      </time>
      <h2
        class="title"
      >
        <a
          href="/posts/nextjs-jest-environment-variable"
        >
          Jestを用いたNext.jsのテストで環境変数を利用する
        </a>
      </h2>
      <hr />
      <ul
        class="keywords"
      >
        <li>
          Next.js
        </li>
        <li>
          Jest
        </li>
      </ul>
      <div
        class="loader"
      >
        <div
          class="inner1"
        />
        <div
          class="inner2"
        />
        <div
          class="inner3"
        />
      </div>
    </article>
    <article
      class="article"
    >
      <div
        class="thumbnail"
      >
        <span
          style="box-sizing: border-box; display: inline-block; overflow: hidden; background: none; opacity: 1; border: 0px; margin: 0px; padding: 0px; position: relative; max-width: 100%;"
        >
          <span
            style="box-sizing: border-box; display: block; background: none; opacity: 1; border: 0px; margin: 0px; padding: 0px; max-width: 100%;"
          >
            <img
              alt=""
              aria-hidden="true"
              src="data:image/svg+xml,%3csvg%20xmlns=%27http://www.w3.org/2000/svg%27%20version=%271.1%27%20width=%27850%27%20height=%27445%27/%3e"
              style="display: block; max-width: 100%; background: none; opacity: 1; border: 0px; margin: 0px; padding: 0px;"
            />
          </span>
          <img
            alt="ヘッドレスCMSから受け取ったMDXをNext.jsコンポーネントに変換する"
            data-nimg="intrinsic"
            decoding="async"
            src="/_next/image?url=https%3A%2F%2Fimages.microcms-assets.io%2Fassets%2F3c39a709d91a45e381e9d2d9c424a09b%2F8459896f7b564d7faee484bc9124e62b%2Fnext-js.png&w=1200&q=75"
            srcset="/_next/image?url=https%3A%2F%2Fimages.microcms-assets.io%2Fassets%2F3c39a709d91a45e381e9d2d9c424a09b%2F8459896f7b564d7faee484bc9124e62b%2Fnext-js.png&w=1024&q=75 1x, /_next/image?url=https%3A%2F%2Fimages.microcms-assets.io%2Fassets%2F3c39a709d91a45e381e9d2d9c424a09b%2F8459896f7b564d7faee484bc9124e62b%2Fnext-js.png&w=1200&q=75 2x"
            style="position: absolute; top: 0px; left: 0px; bottom: 0px; right: 0px; box-sizing: border-box; padding: 0px; margin: auto; display: block; width: 0px; height: 0px; min-width: 100%; max-width: 100%; min-height: 100%; max-height: 100%;"
          />
        </span>
      </div>
      <time
        class="date"
        datetime="2021-02-27T06:00:02.752Z"
        itemprop="datepublished"
      >
        2021年2月27日
      </time>
      <h2
        class="title"
      >
        <a
          href="/posts/nextjs-markdown-to-jsx"
        >
          ヘッドレスCMSから受け取ったMDXをNext.jsコンポーネントに変換する
        </a>
      </h2>
      <hr />
      <ul
        class="keywords"
      >
        <li>
          Next.js
        </li>
        <li>
          Jamstack
        </li>
      </ul>
      <div
        class="loader"
      >
        <div
          class="inner1"
        />
        <div
          class="inner2"
        />
        <div
          class="inner3"
        />
      </div>
    </article>
    <article
      class="article"
    >
      <div
        class="thumbnail"
      >
        <span
          style="box-sizing: border-box; display: inline-block; overflow: hidden; background: none; opacity: 1; border: 0px; margin: 0px; padding: 0px; position: relative; max-width: 100%;"
        >
          <span
            style="box-sizing: border-box; display: block; background: none; opacity: 1; border: 0px; margin: 0px; padding: 0px; max-width: 100%;"
          >
            <img
              alt=""
              aria-hidden="true"
              src="data:image/svg+xml,%3csvg%20xmlns=%27http://www.w3.org/2000/svg%27%20version=%271.1%27%20width=%27850%27%20height=%27445%27/%3e"
              style="display: block; max-width: 100%; background: none; opacity: 1; border: 0px; margin: 0px; padding: 0px;"
            />
          </span>
          <img
            alt="JamstackなNext.jsブログにプレビューモードを実装する"
            data-nimg="intrinsic"
            decoding="async"
            src="/_next/image?url=https%3A%2F%2Fimages.microcms-assets.io%2Fassets%2F3c39a709d91a45e381e9d2d9c424a09b%2F8459896f7b564d7faee484bc9124e62b%2Fnext-js.png&w=1200&q=75"
            srcset="/_next/image?url=https%3A%2F%2Fimages.microcms-assets.io%2Fassets%2F3c39a709d91a45e381e9d2d9c424a09b%2F8459896f7b564d7faee484bc9124e62b%2Fnext-js.png&w=1024&q=75 1x, /_next/image?url=https%3A%2F%2Fimages.microcms-assets.io%2Fassets%2F3c39a709d91a45e381e9d2d9c424a09b%2F8459896f7b564d7faee484bc9124e62b%2Fnext-js.png&w=1200&q=75 2x"
            style="position: absolute; top: 0px; left: 0px; bottom: 0px; right: 0px; box-sizing: border-box; padding: 0px; margin: auto; display: block; width: 0px; height: 0px; min-width: 100%; max-width: 100%; min-height: 100%; max-height: 100%;"
          />
        </span>
      </div>
      <time
        class="date"
        datetime="2021-02-23T14:16:00.797Z"
        itemprop="datepublished"
      >
        2021年2月23日
      </time>
      <h2
        class="title"
      >
        <a
          href="/posts/nextjs-preview-mode"
        >
          JamstackなNext.jsブログにプレビューモードを実装する
        </a>
      </h2>
      <hr />
      <ul
        class="keywords"
      >
        <li>
          Next.js
        </li>
        <li>
          Jamstack
        </li>
      </ul>
      <div
        class="loader"
      >
        <div
          class="inner1"
        />
        <div
          class="inner2"
        />
        <div
          class="inner3"
        />
      </div>
    </article>
  </section>
  <nav
    aria-label="pagination"
    class="nav"
  >
    <ul
      class="ul"
    >
      <li
        class="li false"
      >
        <a
          class="link"
          href="/"
        >
          1
        </a>
      </li>
      <li
        class="dotted"
      >
        ...
      </li>
      <li
        class="li false"
      >
        <a
          class="link"
          href="/page/3"
        >
          3
        </a>
      </li>
      <li
        class="li li-current"
      >
        <a
          class="link"
          href="/page/4"
        >
          4
        </a>
      </li>
      <li
        class="li false"
      >
        <a
          class="link"
          href="/page/5"
        >
          5
        </a>
      </li>
      <li
        class="dotted"
      >
        ...
      </li>
      <li
        class="li false"
      >
        <a
          class="link"
          href="/page/7"
        >
          7
        </a>
      </li>
    </ul>
  </nav>
</DocumentFragment>
`;
