// Jest Snapshot v1, https://goo.gl/fbAQLP

exports[`KEYWORD ARTICLE PAGE 1/7 (pages/keywords/[slug]/index.tsx) snapshot 1`] = `
<DocumentFragment>
  <div
    class="header"
  >
    <h1
      class="title"
    >
      Next.js
    </h1>
    <p
      class="counter"
    >
      - 84 Articles -
    </p>
    <p
      class="description"
    >
      Vercel社がOSSとして開発を進めているReactベースのフロントエンドフレームワーク
    </p>
  </div>
  <section
    class="root"
  >
    <article
      class="article"
    >
      <div
        class="thumbnail"
      >
        <span
          style="box-sizing: border-box; display: inline-block; overflow: hidden; background: none; opacity: 1; border: 0px; margin: 0px; padding: 0px; position: relative; max-width: 100%;"
        >
          <span
            style="box-sizing: border-box; display: block; background: none; opacity: 1; border: 0px; margin: 0px; padding: 0px; max-width: 100%;"
          >
            <img
              alt=""
              aria-hidden="true"
              src="data:image/svg+xml,%3csvg%20xmlns=%27http://www.w3.org/2000/svg%27%20version=%271.1%27%20width=%27850%27%20height=%27445%27/%3e"
              style="display: block; max-width: 100%; background: none; opacity: 1; border: 0px; margin: 0px; padding: 0px;"
            />
          </span>
          <img
            alt="JamstackなNext.jsブログにプレビューモードを実装する"
            data-nimg="intrinsic"
            decoding="async"
            src="/_next/image?url=https%3A%2F%2Fimages.microcms-assets.io%2Fassets%2F3c39a709d91a45e381e9d2d9c424a09b%2F8459896f7b564d7faee484bc9124e62b%2Fnext-js.png&w=1200&q=75"
            srcset="/_next/image?url=https%3A%2F%2Fimages.microcms-assets.io%2Fassets%2F3c39a709d91a45e381e9d2d9c424a09b%2F8459896f7b564d7faee484bc9124e62b%2Fnext-js.png&w=1024&q=75 1x, /_next/image?url=https%3A%2F%2Fimages.microcms-assets.io%2Fassets%2F3c39a709d91a45e381e9d2d9c424a09b%2F8459896f7b564d7faee484bc9124e62b%2Fnext-js.png&w=1200&q=75 2x"
            style="position: absolute; top: 0px; left: 0px; bottom: 0px; right: 0px; box-sizing: border-box; padding: 0px; margin: auto; display: block; width: 0px; height: 0px; min-width: 100%; max-width: 100%; min-height: 100%; max-height: 100%;"
          />
        </span>
      </div>
      <time
        class="date"
        datetime="2021-02-23T14:16:00.797Z"
        itemprop="datepublished"
      >
        2021年2月23日
      </time>
      <h2
        class="title"
      >
        <a
          href="/posts/nextjs-preview-mode"
        >
          JamstackなNext.jsブログにプレビューモードを実装する
        </a>
      </h2>
      <hr />
      <ul
        class="keywords"
      >
        <li>
          Next.js
        </li>
        <li>
          Jamstack
        </li>
      </ul>
      <div
        class="loader"
      >
        <div
          class="inner1"
        />
        <div
          class="inner2"
        />
        <div
          class="inner3"
        />
      </div>
    </article>
  </section>
  <nav
    aria-label="pagination"
    class="nav"
  >
    <ul
      class="ul"
    >
      <li
        class="li li-current"
      >
        <a
          class="link"
          href="/keywords/nextjs"
        >
          1
        </a>
      </li>
      <li
        class="li false"
      >
        <a
          class="link"
          href="/keywords/nextjs/page/2"
        >
          2
        </a>
      </li>
      <li
        class="dotted"
      >
        ...
      </li>
      <li
        class="li false"
      >
        <a
          class="link"
          href="/keywords/nextjs/page/7"
        >
          7
        </a>
      </li>
    </ul>
  </nav>
</DocumentFragment>
`;
